{
  "algorithm": "CKKS",
  "model_file": "local_HE_model_0x13F90bc8a4a936E28023f0A6c117871fC5b16Bc9.bin",
  "ctx_file": "CKKS_without_priv_key.pkl",
  "success": false,
  "error": "decrypt_exception:the current context of the tensor doesn't hold a secret_key, please provide one as argument",
  "params_changed": 0,
  "time_s": 0.3702
}
Error: Required modules not found or import failed: No module named 'simple_cnn_config'
sys.executable: C:\Users\Haris\anaconda3\envs\pqbfl_fix\python.exe
sys.path (first entries): ['D:\\Haris NSUT\\Sem 8\\PQBFL-IPFS\\PQBFL', 'D:\\Haris NSUT\\Sem 8\\PQBFL-IPFS\\PQBFL\\server\\tools', 'C:\\Users\\Haris\\anaconda3\\envs\\pqbfl_fix\\python310.zip', 'C:\\Users\\Haris\\anaconda3\\envs\\pqbfl_fix\\DLLs', 'C:\\Users\\Haris\\anaconda3\\envs\\pqbfl_fix\\lib', 'C:\\Users\\Haris\\anaconda3\\envs\\pqbfl_fix', 'C:\\Users\\Haris\\anaconda3\\envs\\pqbfl_fix\\lib\\site-packages', 'C:\\Users\\Haris\\anaconda3\\envs\\pqbfl_fix\\lib\\site-packages\\win32']
{
  "algorithm": "CKKS",
  "model_file": "local_HE_model_0x13F90bc8a4a936E28023f0A6c117871fC5b16Bc9.bin",
  "ctx_file": "CKKS_without_priv_key.pkl",
  "success": false,
  "error": "decrypt_exception:the current context of the tensor doesn't hold a secret_key, please provide one as argument",
  "params_changed": 0,
  "time_s": 0.3971
}
Error: Required modules not found or import failed: No module named 'simple_cnn_config'
sys.executable: C:\Users\Haris\anaconda3\envs\pqbfl_fix\python.exe
sys.path (first entries): ['D:\\Haris NSUT\\Sem 8\\PQBFL-IPFS\\PQBFL', 'D:\\Haris NSUT\\Sem 8\\PQBFL-IPFS\\PQBFL\\server\\tools', 'C:\\Users\\Haris\\anaconda3\\envs\\pqbfl_fix\\python310.zip', 'C:\\Users\\Haris\\anaconda3\\envs\\pqbfl_fix\\DLLs', 'C:\\Users\\Haris\\anaconda3\\envs\\pqbfl_fix\\lib', 'C:\\Users\\Haris\\anaconda3\\envs\\pqbfl_fix', 'C:\\Users\\Haris\\anaconda3\\envs\\pqbfl_fix\\lib\\site-packages', 'C:\\Users\\Haris\\anaconda3\\envs\\pqbfl_fix\\lib\\site-packages\\win32']
{
  "algorithm": "CKKS",
  "model_file": "local_HE_model_0x13F90bc8a4a936E28023f0A6c117871fC5b16Bc9.bin",
  "ctx_file": "CKKS_without_priv_key.pkl",
  "success": false,
  "error": "decrypt_exception:the current context of the tensor doesn't hold a secret_key, please provide one as argument",
  "params_changed": 0,
  "time_s": 0.3721
}
Error: Required modules not found or import failed: No module named 'simple_cnn_config'
sys.executable: C:\Users\Haris\anaconda3\envs\pqbfl_fix\python.exe
sys.path (first entries): ['D:\\Haris NSUT\\Sem 8\\PQBFL-IPFS\\PQBFL', 'D:\\Haris NSUT\\Sem 8\\PQBFL-IPFS\\PQBFL\\server\\tools', 'C:\\Users\\Haris\\anaconda3\\envs\\pqbfl_fix\\python310.zip', 'C:\\Users\\Haris\\anaconda3\\envs\\pqbfl_fix\\DLLs', 'C:\\Users\\Haris\\anaconda3\\envs\\pqbfl_fix\\lib', 'C:\\Users\\Haris\\anaconda3\\envs\\pqbfl_fix', 'C:\\Users\\Haris\\anaconda3\\envs\\pqbfl_fix\\lib\\site-packages', 'C:\\Users\\Haris\\anaconda3\\envs\\pqbfl_fix\\lib\\site-packages\\win32']
{
  "algorithm": "CKKS",
  "model_file": "local_HE_model_0x13F90bc8a4a936E28023f0A6c117871fC5b16Bc9.bin",
  "ctx_file": "CKKS_without_priv_key.pkl",
  "success": false,
  "error": "decrypt_exception:the current context of the tensor doesn't hold a secret_key, please provide one as argument",
  "params_changed": 0,
  "time_s": 0.3123
}
Error: Required modules not found or import failed: No module named 'simple_cnn_config'
sys.executable: C:\Users\Haris\anaconda3\envs\pqbfl_fix\python.exe
sys.path (first entries): ['D:\\Haris NSUT\\Sem 8\\PQBFL-IPFS\\PQBFL', 'D:\\Haris NSUT\\Sem 8\\PQBFL-IPFS\\PQBFL\\server\\tools', 'C:\\Users\\Haris\\anaconda3\\envs\\pqbfl_fix\\python310.zip', 'C:\\Users\\Haris\\anaconda3\\envs\\pqbfl_fix\\DLLs', 'C:\\Users\\Haris\\anaconda3\\envs\\pqbfl_fix\\lib', 'C:\\Users\\Haris\\anaconda3\\envs\\pqbfl_fix', 'C:\\Users\\Haris\\anaconda3\\envs\\pqbfl_fix\\lib\\site-packages', 'C:\\Users\\Haris\\anaconda3\\envs\\pqbfl_fix\\lib\\site-packages\\win32']
{
  "algorithm": "CKKS",
  "model_file": "local_HE_model_0x13F90bc8a4a936E28023f0A6c117871fC5b16Bc9.bin",
  "ctx_file": "CKKS_without_priv_key.pkl",
  "success": false,
  "error": "decrypt_exception:the current context of the tensor doesn't hold a secret_key, please provide one as argument",
  "params_changed": 0,
  "time_s": 0.3326
}
Error: Required modules not found or import failed: No module named 'simple_cnn_config'
sys.executable: C:\Users\Haris\anaconda3\envs\pqbfl_fix\python.exe
sys.path (first entries): ['D:\\Haris NSUT\\Sem 8\\PQBFL-IPFS\\PQBFL', 'D:\\Haris NSUT\\Sem 8\\PQBFL-IPFS\\PQBFL\\server\\tools', 'C:\\Users\\Haris\\anaconda3\\envs\\pqbfl_fix\\python310.zip', 'C:\\Users\\Haris\\anaconda3\\envs\\pqbfl_fix\\DLLs', 'C:\\Users\\Haris\\anaconda3\\envs\\pqbfl_fix\\lib', 'C:\\Users\\Haris\\anaconda3\\envs\\pqbfl_fix', 'C:\\Users\\Haris\\anaconda3\\envs\\pqbfl_fix\\lib\\site-packages', 'C:\\Users\\Haris\\anaconda3\\envs\\pqbfl_fix\\lib\\site-packages\\win32']
{
  "algorithm": "CKKS",
  "model_file": "local_HE_model_0x13F90bc8a4a936E28023f0A6c117871fC5b16Bc9.bin",
  "ctx_file": "CKKS_without_priv_key.pkl",
  "success": false,
  "error": "decrypt_exception:the current context of the tensor doesn't hold a secret_key, please provide one as argument",
  "params_changed": 0,
  "time_s": 0.2656
}
Error: Required modules not found or import failed: No module named 'simple_cnn_config'
sys.executable: C:\Users\Haris\anaconda3\envs\pqbfl_fix\python.exe
sys.path (first entries): ['D:\\Haris NSUT\\Sem 8\\PQBFL-IPFS\\PQBFL', 'D:\\Haris NSUT\\Sem 8\\PQBFL-IPFS\\PQBFL\\server\\tools', 'C:\\Users\\Haris\\anaconda3\\envs\\pqbfl_fix\\python310.zip', 'C:\\Users\\Haris\\anaconda3\\envs\\pqbfl_fix\\DLLs', 'C:\\Users\\Haris\\anaconda3\\envs\\pqbfl_fix\\lib', 'C:\\Users\\Haris\\anaconda3\\envs\\pqbfl_fix', 'C:\\Users\\Haris\\anaconda3\\envs\\pqbfl_fix\\lib\\site-packages', 'C:\\Users\\Haris\\anaconda3\\envs\\pqbfl_fix\\lib\\site-packages\\win32']
{
  "algorithm": "CKKS",
  "model_file": "local_HE_model_0x13F90bc8a4a936E28023f0A6c117871fC5b16Bc9.bin",
  "ctx_file": "CKKS_without_priv_key.pkl",
  "success": false,
  "error": "decrypt_exception:the current context of the tensor doesn't hold a secret_key, please provide one as argument",
  "params_changed": 0,
  "time_s": 0.3477
}
Error: Required modules not found or import failed: No module named 'simple_cnn_config'
sys.executable: C:\Users\Haris\anaconda3\envs\pqbfl_fix\python.exe
sys.path (first entries): ['D:\\Haris NSUT\\Sem 8\\PQBFL-IPFS\\PQBFL', 'D:\\Haris NSUT\\Sem 8\\PQBFL-IPFS\\PQBFL\\server\\tools', 'C:\\Users\\Haris\\anaconda3\\envs\\pqbfl_fix\\python310.zip', 'C:\\Users\\Haris\\anaconda3\\envs\\pqbfl_fix\\DLLs', 'C:\\Users\\Haris\\anaconda3\\envs\\pqbfl_fix\\lib', 'C:\\Users\\Haris\\anaconda3\\envs\\pqbfl_fix', 'C:\\Users\\Haris\\anaconda3\\envs\\pqbfl_fix\\lib\\site-packages', 'C:\\Users\\Haris\\anaconda3\\envs\\pqbfl_fix\\lib\\site-packages\\win32']
{
  "algorithm": "CKKS",
  "model_file": "local_HE_model_0x13F90bc8a4a936E28023f0A6c117871fC5b16Bc9.bin",
  "ctx_file": "CKKS_without_priv_key.pkl",
  "success": false,
  "error": "decrypt_exception:the current context of the tensor doesn't hold a secret_key, please provide one as argument",
  "params_changed": 0,
  "time_s": 0.3538
}
Error: Required modules not found or import failed: No module named 'simple_cnn_config'
sys.executable: C:\Users\Haris\anaconda3\envs\pqbfl_fix\python.exe
sys.path (first entries): ['D:\\Haris NSUT\\Sem 8\\PQBFL-IPFS\\PQBFL', 'D:\\Haris NSUT\\Sem 8\\PQBFL-IPFS\\PQBFL\\server\\tools', 'C:\\Users\\Haris\\anaconda3\\envs\\pqbfl_fix\\python310.zip', 'C:\\Users\\Haris\\anaconda3\\envs\\pqbfl_fix\\DLLs', 'C:\\Users\\Haris\\anaconda3\\envs\\pqbfl_fix\\lib', 'C:\\Users\\Haris\\anaconda3\\envs\\pqbfl_fix', 'C:\\Users\\Haris\\anaconda3\\envs\\pqbfl_fix\\lib\\site-packages', 'C:\\Users\\Haris\\anaconda3\\envs\\pqbfl_fix\\lib\\site-packages\\win32']
{
  "algorithm": "CKKS",
  "model_file": "local_HE_model_0x13F90bc8a4a936E28023f0A6c117871fC5b16Bc9.bin",
  "ctx_file": "CKKS_without_priv_key.pkl",
  "success": false,
  "error": "decrypt_exception:the current context of the tensor doesn't hold a secret_key, please provide one as argument",
  "params_changed": 0,
  "time_s": 0.362
}
Error: Required modules not found or import failed: No module named 'simple_cnn_config'
sys.executable: C:\Users\Haris\anaconda3\envs\pqbfl_fix\python.exe
sys.path (first entries): ['D:\\Haris NSUT\\Sem 8\\PQBFL-IPFS\\PQBFL', 'D:\\Haris NSUT\\Sem 8\\PQBFL-IPFS\\PQBFL\\server\\tools', 'C:\\Users\\Haris\\anaconda3\\envs\\pqbfl_fix\\python310.zip', 'C:\\Users\\Haris\\anaconda3\\envs\\pqbfl_fix\\DLLs', 'C:\\Users\\Haris\\anaconda3\\envs\\pqbfl_fix\\lib', 'C:\\Users\\Haris\\anaconda3\\envs\\pqbfl_fix', 'C:\\Users\\Haris\\anaconda3\\envs\\pqbfl_fix\\lib\\site-packages', 'C:\\Users\\Haris\\anaconda3\\envs\\pqbfl_fix\\lib\\site-packages\\win32']
{
  "algorithm": "CKKS",
  "model_file": "local_HE_model_0x13F90bc8a4a936E28023f0A6c117871fC5b16Bc9.bin",
  "ctx_file": "CKKS_without_priv_key.pkl",
  "success": false,
  "error": "decrypt_exception:the current context of the tensor doesn't hold a secret_key, please provide one as argument",
  "params_changed": 0,
  "time_s": 0.3401
}
Error: Required modules not found or import failed: No module named 'simple_cnn_config'
sys.executable: C:\Users\Haris\anaconda3\envs\pqbfl_fix\python.exe
sys.path (first entries): ['D:\\Haris NSUT\\Sem 8\\PQBFL-IPFS\\PQBFL', 'D:\\Haris NSUT\\Sem 8\\PQBFL-IPFS\\PQBFL\\server\\tools', 'C:\\Users\\Haris\\anaconda3\\envs\\pqbfl_fix\\python310.zip', 'C:\\Users\\Haris\\anaconda3\\envs\\pqbfl_fix\\DLLs', 'C:\\Users\\Haris\\anaconda3\\envs\\pqbfl_fix\\lib', 'C:\\Users\\Haris\\anaconda3\\envs\\pqbfl_fix', 'C:\\Users\\Haris\\anaconda3\\envs\\pqbfl_fix\\lib\\site-packages', 'C:\\Users\\Haris\\anaconda3\\envs\\pqbfl_fix\\lib\\site-packages\\win32']
{
  "algorithm": "CKKS",
  "model_file": "local_HE_model_0x13F90bc8a4a936E28023f0A6c117871fC5b16Bc9.bin",
  "ctx_file": "CKKS_without_priv_key.pkl",
  "success": false,
  "error": "decrypt_exception:the current context of the tensor doesn't hold a secret_key, please provide one as argument",
  "params_changed": 0,
  "time_s": 0.4419
}
Error: Required modules not found or import failed: No module named 'simple_cnn_config'
sys.executable: C:\Users\Haris\anaconda3\envs\pqbfl_fix\python.exe
sys.path (first entries): ['D:\\Haris NSUT\\Sem 8\\PQBFL-IPFS\\PQBFL', 'D:\\Haris NSUT\\Sem 8\\PQBFL-IPFS\\PQBFL\\server\\tools', 'C:\\Users\\Haris\\anaconda3\\envs\\pqbfl_fix\\python310.zip', 'C:\\Users\\Haris\\anaconda3\\envs\\pqbfl_fix\\DLLs', 'C:\\Users\\Haris\\anaconda3\\envs\\pqbfl_fix\\lib', 'C:\\Users\\Haris\\anaconda3\\envs\\pqbfl_fix', 'C:\\Users\\Haris\\anaconda3\\envs\\pqbfl_fix\\lib\\site-packages', 'C:\\Users\\Haris\\anaconda3\\envs\\pqbfl_fix\\lib\\site-packages\\win32']
