{
  "algorithm": "CKKS",
  "model_file": "local_HE_model_0x94564A39a7C55ce6Dd58DCCC30B3B5F44BcBB7F2.bin",
  "ctx_file": "CKKS_without_priv_key.pkl",
  "success": false,
  "error": "decrypt_exception:the current context of the tensor doesn't hold a secret_key, please provide one as argument",
  "params_changed": 0,
  "time_s": 0.303
}
Error: Required modules not found or import failed: No module named 'simple_cnn_config'
sys.executable: C:\Users\Haris\anaconda3\envs\pqbfl_fix\python.exe
sys.path (first entries): ['D:\\Haris NSUT\\Sem 8\\PQBFL-IPFS\\PQBFL', 'D:\\Haris NSUT\\Sem 8\\PQBFL-IPFS\\PQBFL\\server\\tools', 'C:\\Users\\Haris\\anaconda3\\envs\\pqbfl_fix\\python310.zip', 'C:\\Users\\Haris\\anaconda3\\envs\\pqbfl_fix\\DLLs', 'C:\\Users\\Haris\\anaconda3\\envs\\pqbfl_fix\\lib', 'C:\\Users\\Haris\\anaconda3\\envs\\pqbfl_fix', 'C:\\Users\\Haris\\anaconda3\\envs\\pqbfl_fix\\lib\\site-packages', 'C:\\Users\\Haris\\anaconda3\\envs\\pqbfl_fix\\lib\\site-packages\\win32']
{
  "algorithm": "CKKS",
  "model_file": "local_HE_model_0x94564A39a7C55ce6Dd58DCCC30B3B5F44BcBB7F2.bin",
  "ctx_file": "CKKS_without_priv_key.pkl",
  "success": false,
  "error": "decrypt_exception:the current context of the tensor doesn't hold a secret_key, please provide one as argument",
  "params_changed": 0,
  "time_s": 0.3077
}
Error: Required modules not found or import failed: No module named 'simple_cnn_config'
sys.executable: C:\Users\Haris\anaconda3\envs\pqbfl_fix\python.exe
sys.path (first entries): ['D:\\Haris NSUT\\Sem 8\\PQBFL-IPFS\\PQBFL', 'D:\\Haris NSUT\\Sem 8\\PQBFL-IPFS\\PQBFL\\server\\tools', 'C:\\Users\\Haris\\anaconda3\\envs\\pqbfl_fix\\python310.zip', 'C:\\Users\\Haris\\anaconda3\\envs\\pqbfl_fix\\DLLs', 'C:\\Users\\Haris\\anaconda3\\envs\\pqbfl_fix\\lib', 'C:\\Users\\Haris\\anaconda3\\envs\\pqbfl_fix', 'C:\\Users\\Haris\\anaconda3\\envs\\pqbfl_fix\\lib\\site-packages', 'C:\\Users\\Haris\\anaconda3\\envs\\pqbfl_fix\\lib\\site-packages\\win32']
{
  "algorithm": "CKKS",
  "model_file": "local_HE_model_0x94564A39a7C55ce6Dd58DCCC30B3B5F44BcBB7F2.bin",
  "ctx_file": "CKKS_without_priv_key.pkl",
  "success": false,
  "error": "decrypt_exception:the current context of the tensor doesn't hold a secret_key, please provide one as argument",
  "params_changed": 0,
  "time_s": 0.316
}
Error: Required modules not found or import failed: No module named 'simple_cnn_config'
sys.executable: C:\Users\Haris\anaconda3\envs\pqbfl_fix\python.exe
sys.path (first entries): ['D:\\Haris NSUT\\Sem 8\\PQBFL-IPFS\\PQBFL', 'D:\\Haris NSUT\\Sem 8\\PQBFL-IPFS\\PQBFL\\server\\tools', 'C:\\Users\\Haris\\anaconda3\\envs\\pqbfl_fix\\python310.zip', 'C:\\Users\\Haris\\anaconda3\\envs\\pqbfl_fix\\DLLs', 'C:\\Users\\Haris\\anaconda3\\envs\\pqbfl_fix\\lib', 'C:\\Users\\Haris\\anaconda3\\envs\\pqbfl_fix', 'C:\\Users\\Haris\\anaconda3\\envs\\pqbfl_fix\\lib\\site-packages', 'C:\\Users\\Haris\\anaconda3\\envs\\pqbfl_fix\\lib\\site-packages\\win32']
{
  "algorithm": "CKKS",
  "model_file": "local_HE_model_0x94564A39a7C55ce6Dd58DCCC30B3B5F44BcBB7F2.bin",
  "ctx_file": "CKKS_without_priv_key.pkl",
  "success": false,
  "error": "decrypt_exception:the current context of the tensor doesn't hold a secret_key, please provide one as argument",
  "params_changed": 0,
  "time_s": 0.2893
}
Error: Required modules not found or import failed: No module named 'simple_cnn_config'
sys.executable: C:\Users\Haris\anaconda3\envs\pqbfl_fix\python.exe
sys.path (first entries): ['D:\\Haris NSUT\\Sem 8\\PQBFL-IPFS\\PQBFL', 'D:\\Haris NSUT\\Sem 8\\PQBFL-IPFS\\PQBFL\\server\\tools', 'C:\\Users\\Haris\\anaconda3\\envs\\pqbfl_fix\\python310.zip', 'C:\\Users\\Haris\\anaconda3\\envs\\pqbfl_fix\\DLLs', 'C:\\Users\\Haris\\anaconda3\\envs\\pqbfl_fix\\lib', 'C:\\Users\\Haris\\anaconda3\\envs\\pqbfl_fix', 'C:\\Users\\Haris\\anaconda3\\envs\\pqbfl_fix\\lib\\site-packages', 'C:\\Users\\Haris\\anaconda3\\envs\\pqbfl_fix\\lib\\site-packages\\win32']
{
  "algorithm": "CKKS",
  "model_file": "local_HE_model_0x94564A39a7C55ce6Dd58DCCC30B3B5F44BcBB7F2.bin",
  "ctx_file": "CKKS_without_priv_key.pkl",
  "success": false,
  "error": "decrypt_exception:the current context of the tensor doesn't hold a secret_key, please provide one as argument",
  "params_changed": 0,
  "time_s": 0.3131
}
Error: Required modules not found or import failed: No module named 'simple_cnn_config'
sys.executable: C:\Users\Haris\anaconda3\envs\pqbfl_fix\python.exe
sys.path (first entries): ['D:\\Haris NSUT\\Sem 8\\PQBFL-IPFS\\PQBFL', 'D:\\Haris NSUT\\Sem 8\\PQBFL-IPFS\\PQBFL\\server\\tools', 'C:\\Users\\Haris\\anaconda3\\envs\\pqbfl_fix\\python310.zip', 'C:\\Users\\Haris\\anaconda3\\envs\\pqbfl_fix\\DLLs', 'C:\\Users\\Haris\\anaconda3\\envs\\pqbfl_fix\\lib', 'C:\\Users\\Haris\\anaconda3\\envs\\pqbfl_fix', 'C:\\Users\\Haris\\anaconda3\\envs\\pqbfl_fix\\lib\\site-packages', 'C:\\Users\\Haris\\anaconda3\\envs\\pqbfl_fix\\lib\\site-packages\\win32']
{
  "algorithm": "CKKS",
  "model_file": "local_HE_model_0x94564A39a7C55ce6Dd58DCCC30B3B5F44BcBB7F2.bin",
  "ctx_file": "CKKS_without_priv_key.pkl",
  "success": false,
  "error": "decrypt_exception:the current context of the tensor doesn't hold a secret_key, please provide one as argument",
  "params_changed": 0,
  "time_s": 0.3223
}
Error: Required modules not found or import failed: No module named 'simple_cnn_config'
sys.executable: C:\Users\Haris\anaconda3\envs\pqbfl_fix\python.exe
sys.path (first entries): ['D:\\Haris NSUT\\Sem 8\\PQBFL-IPFS\\PQBFL', 'D:\\Haris NSUT\\Sem 8\\PQBFL-IPFS\\PQBFL\\server\\tools', 'C:\\Users\\Haris\\anaconda3\\envs\\pqbfl_fix\\python310.zip', 'C:\\Users\\Haris\\anaconda3\\envs\\pqbfl_fix\\DLLs', 'C:\\Users\\Haris\\anaconda3\\envs\\pqbfl_fix\\lib', 'C:\\Users\\Haris\\anaconda3\\envs\\pqbfl_fix', 'C:\\Users\\Haris\\anaconda3\\envs\\pqbfl_fix\\lib\\site-packages', 'C:\\Users\\Haris\\anaconda3\\envs\\pqbfl_fix\\lib\\site-packages\\win32']
{
  "algorithm": "CKKS",
  "model_file": "local_HE_model_0x94564A39a7C55ce6Dd58DCCC30B3B5F44BcBB7F2.bin",
  "ctx_file": "CKKS_without_priv_key.pkl",
  "success": false,
  "error": "decrypt_exception:the current context of the tensor doesn't hold a secret_key, please provide one as argument",
  "params_changed": 0,
  "time_s": 0.3281
}
Error: Required modules not found or import failed: No module named 'simple_cnn_config'
sys.executable: C:\Users\Haris\anaconda3\envs\pqbfl_fix\python.exe
sys.path (first entries): ['D:\\Haris NSUT\\Sem 8\\PQBFL-IPFS\\PQBFL', 'D:\\Haris NSUT\\Sem 8\\PQBFL-IPFS\\PQBFL\\server\\tools', 'C:\\Users\\Haris\\anaconda3\\envs\\pqbfl_fix\\python310.zip', 'C:\\Users\\Haris\\anaconda3\\envs\\pqbfl_fix\\DLLs', 'C:\\Users\\Haris\\anaconda3\\envs\\pqbfl_fix\\lib', 'C:\\Users\\Haris\\anaconda3\\envs\\pqbfl_fix', 'C:\\Users\\Haris\\anaconda3\\envs\\pqbfl_fix\\lib\\site-packages', 'C:\\Users\\Haris\\anaconda3\\envs\\pqbfl_fix\\lib\\site-packages\\win32']
{
  "algorithm": "CKKS",
  "model_file": "local_HE_model_0x94564A39a7C55ce6Dd58DCCC30B3B5F44BcBB7F2.bin",
  "ctx_file": "CKKS_without_priv_key.pkl",
  "success": false,
  "error": "decrypt_exception:the current context of the tensor doesn't hold a secret_key, please provide one as argument",
  "params_changed": 0,
  "time_s": 0.291
}
Error: Required modules not found or import failed: No module named 'simple_cnn_config'
sys.executable: C:\Users\Haris\anaconda3\envs\pqbfl_fix\python.exe
sys.path (first entries): ['D:\\Haris NSUT\\Sem 8\\PQBFL-IPFS\\PQBFL', 'D:\\Haris NSUT\\Sem 8\\PQBFL-IPFS\\PQBFL\\server\\tools', 'C:\\Users\\Haris\\anaconda3\\envs\\pqbfl_fix\\python310.zip', 'C:\\Users\\Haris\\anaconda3\\envs\\pqbfl_fix\\DLLs', 'C:\\Users\\Haris\\anaconda3\\envs\\pqbfl_fix\\lib', 'C:\\Users\\Haris\\anaconda3\\envs\\pqbfl_fix', 'C:\\Users\\Haris\\anaconda3\\envs\\pqbfl_fix\\lib\\site-packages', 'C:\\Users\\Haris\\anaconda3\\envs\\pqbfl_fix\\lib\\site-packages\\win32']
{
  "algorithm": "CKKS",
  "model_file": "local_HE_model_0x94564A39a7C55ce6Dd58DCCC30B3B5F44BcBB7F2.bin",
  "ctx_file": "CKKS_without_priv_key.pkl",
  "success": false,
  "error": "decrypt_exception:the current context of the tensor doesn't hold a secret_key, please provide one as argument",
  "params_changed": 0,
  "time_s": 0.4603
}
Error: Required modules not found or import failed: No module named 'simple_cnn_config'
sys.executable: C:\Users\Haris\anaconda3\envs\pqbfl_fix\python.exe
sys.path (first entries): ['D:\\Haris NSUT\\Sem 8\\PQBFL-IPFS\\PQBFL', 'D:\\Haris NSUT\\Sem 8\\PQBFL-IPFS\\PQBFL\\server\\tools', 'C:\\Users\\Haris\\anaconda3\\envs\\pqbfl_fix\\python310.zip', 'C:\\Users\\Haris\\anaconda3\\envs\\pqbfl_fix\\DLLs', 'C:\\Users\\Haris\\anaconda3\\envs\\pqbfl_fix\\lib', 'C:\\Users\\Haris\\anaconda3\\envs\\pqbfl_fix', 'C:\\Users\\Haris\\anaconda3\\envs\\pqbfl_fix\\lib\\site-packages', 'C:\\Users\\Haris\\anaconda3\\envs\\pqbfl_fix\\lib\\site-packages\\win32']
