{
  "algorithm": "CKKS",
  "model_file": "local_HE_model_0xe16b7742C121cC6f6BDDBcB09B7EFA5C811337Bc.bin",
  "ctx_file": "CKKS_without_priv_key.pkl",
  "success": false,
  "error": "decrypt_exception:the current context of the tensor doesn't hold a secret_key, please provide one as argument",
  "params_changed": 0,
  "time_s": 0.3161
}
Error: Required modules not found or import failed: No module named 'simple_cnn_config'
sys.executable: C:\Users\Haris\anaconda3\envs\pqbfl_fix\python.exe
sys.path (first entries): ['D:\\Haris NSUT\\Sem 8\\PQBFL-IPFS\\PQBFL', 'D:\\Haris NSUT\\Sem 8\\PQBFL-IPFS\\PQBFL\\server\\tools', 'C:\\Users\\Haris\\anaconda3\\envs\\pqbfl_fix\\python310.zip', 'C:\\Users\\Haris\\anaconda3\\envs\\pqbfl_fix\\DLLs', 'C:\\Users\\Haris\\anaconda3\\envs\\pqbfl_fix\\lib', 'C:\\Users\\Haris\\anaconda3\\envs\\pqbfl_fix', 'C:\\Users\\Haris\\anaconda3\\envs\\pqbfl_fix\\lib\\site-packages', 'C:\\Users\\Haris\\anaconda3\\envs\\pqbfl_fix\\lib\\site-packages\\win32']
{
  "algorithm": "CKKS",
  "model_file": "local_HE_model_0xe16b7742C121cC6f6BDDBcB09B7EFA5C811337Bc.bin",
  "ctx_file": "CKKS_without_priv_key.pkl",
  "success": false,
  "error": "decrypt_exception:the current context of the tensor doesn't hold a secret_key, please provide one as argument",
  "params_changed": 0,
  "time_s": 0.2871
}
Error: Required modules not found or import failed: No module named 'simple_cnn_config'
sys.executable: C:\Users\Haris\anaconda3\envs\pqbfl_fix\python.exe
sys.path (first entries): ['D:\\Haris NSUT\\Sem 8\\PQBFL-IPFS\\PQBFL', 'D:\\Haris NSUT\\Sem 8\\PQBFL-IPFS\\PQBFL\\server\\tools', 'C:\\Users\\Haris\\anaconda3\\envs\\pqbfl_fix\\python310.zip', 'C:\\Users\\Haris\\anaconda3\\envs\\pqbfl_fix\\DLLs', 'C:\\Users\\Haris\\anaconda3\\envs\\pqbfl_fix\\lib', 'C:\\Users\\Haris\\anaconda3\\envs\\pqbfl_fix', 'C:\\Users\\Haris\\anaconda3\\envs\\pqbfl_fix\\lib\\site-packages', 'C:\\Users\\Haris\\anaconda3\\envs\\pqbfl_fix\\lib\\site-packages\\win32']
{
  "algorithm": "CKKS",
  "model_file": "local_HE_model_0xe16b7742C121cC6f6BDDBcB09B7EFA5C811337Bc.bin",
  "ctx_file": "CKKS_without_priv_key.pkl",
  "success": false,
  "error": "decrypt_exception:the current context of the tensor doesn't hold a secret_key, please provide one as argument",
  "params_changed": 0,
  "time_s": 0.262
}
Error: Required modules not found or import failed: No module named 'simple_cnn_config'
sys.executable: C:\Users\Haris\anaconda3\envs\pqbfl_fix\python.exe
sys.path (first entries): ['D:\\Haris NSUT\\Sem 8\\PQBFL-IPFS\\PQBFL', 'D:\\Haris NSUT\\Sem 8\\PQBFL-IPFS\\PQBFL\\server\\tools', 'C:\\Users\\Haris\\anaconda3\\envs\\pqbfl_fix\\python310.zip', 'C:\\Users\\Haris\\anaconda3\\envs\\pqbfl_fix\\DLLs', 'C:\\Users\\Haris\\anaconda3\\envs\\pqbfl_fix\\lib', 'C:\\Users\\Haris\\anaconda3\\envs\\pqbfl_fix', 'C:\\Users\\Haris\\anaconda3\\envs\\pqbfl_fix\\lib\\site-packages', 'C:\\Users\\Haris\\anaconda3\\envs\\pqbfl_fix\\lib\\site-packages\\win32']
